1 : /page2.html (3 hits)
2 : /page3.html (1 hits)
3 : /page1.html (1 hits)
