1 : /page2.html (2 hits)
2 : /page3.html (1 hits)
