1 : /SiteWebIF/Intranet-etudiant.php (3 hits)
2 : /temps/3IF45.html (1 hits)
3 : /temps/3IF44.html (1 hits)
