1 : /page1.html (1 hits)
2 : /page2.html (1 hits)
