1 : /page2.html (4 hits)
2 : /page7.html (3 hits)
3 : /page8.html (3 hits)
4 : /page6.html (2 hits)
5 : /page4.html (2 hits)
6 : /page5.html (2 hits)
7 : /page9.html (2 hits)
8 : /page10.html (1 hits)
9 : /image.jpg (1 hits)
10 : /page3.html (1 hits)