../../bin/analog: invalid option -- 'i'
Le programme doit être utilisé de cette manière : ./analog [-g nomfichier.dot] [-e] [-t heure] nomfichier.log
